This is pdfTeX, Version 3.141592653-2.6-1.40.25 (TeX Live 2023/Debian) (preloaded format=pdflatex 2025.4.10)  20 APR 2025 23:31
entering extended mode
 restricted \write18 enabled.
 %&-line parsing enabled.
**c-minus-lexer.tex
(./c-minus-lexer.tex
LaTeX2e <2023-11-01> patch level 1
L3 programming layer <2024-01-22>
(/usr/share/texlive/texmf-dist/tex/latex/base/article.cls
Document Class: article 2023/05/17 v1.4n Standard LaTeX document class
(/usr/share/texlive/texmf-dist/tex/latex/base/size10.clo
File: size10.clo 2023/05/17 v1.4n Standard LaTeX file (size option)
)
\c@part=\count187
\c@section=\count188
\c@subsection=\count189
\c@subsubsection=\count190
\c@paragraph=\count191
\c@subparagraph=\count192
\c@figure=\count193
\c@table=\count194
\abovecaptionskip=\skip48
\belowcaptionskip=\skip49
\bibindent=\dimen140
)
(/usr/share/texlive/texmf-dist/tex/latex/graphics/color.sty
Package: color 2022/01/06 v1.3d Standard LaTeX Color (DPC)

(/usr/share/texlive/texmf-dist/tex/latex/graphics-cfg/color.cfg
File: color.cfg 2016/01/02 v1.6 sample color configuration
)
Package color Info: Driver file: pdftex.def on input line 149.

(/usr/share/texlive/texmf-dist/tex/latex/graphics-def/pdftex.def
File: pdftex.def 2022/09/22 v1.2b Graphics/color driver for pdftex
)
(/usr/share/texlive/texmf-dist/tex/latex/graphics/mathcolor.ltx))
(/usr/share/texlive/texmf-dist/tex/latex/base/alltt.sty
Package: alltt 2021/01/29 v2.0g defines alltt environment
)
(/usr/share/texlive/texmf-dist/tex/latex/base/fontenc.sty
Package: fontenc 2021/04/29 v2.0v Standard LaTeX package
)
(/usr/share/texlive/texmf-dist/tex/latex/base/inputenc.sty
Package: inputenc 2021/02/14 v1.3d Input encoding file
\inpenc@prehook=\toks17
\inpenc@posthook=\toks18

(/usr/share/texlive/texmf-dist/tex/latex/base/latin1.def
File: latin1.def 2021/02/14 v1.3d Input encoding file
)) (./highlight.sty)
(/usr/share/texlive/texmf-dist/tex/latex/l3backend/l3backend-pdftex.def
File: l3backend-pdftex.def 2024-01-04 L3 backend support: PDF output (pdfTeX)
\l__color_backend_stack_int=\count195
\l__pdf_internal_box=\box51
)
(./c-minus-lexer.aux)
\openout1 = `c-minus-lexer.aux'.

LaTeX Font Info:    Checking defaults for OML/cmm/m/it on input line 10.
LaTeX Font Info:    ... okay on input line 10.
LaTeX Font Info:    Checking defaults for OMS/cmsy/m/n on input line 10.
LaTeX Font Info:    ... okay on input line 10.
LaTeX Font Info:    Checking defaults for OT1/cmr/m/n on input line 10.
LaTeX Font Info:    ... okay on input line 10.
LaTeX Font Info:    Checking defaults for T1/cmr/m/n on input line 10.
LaTeX Font Info:    ... okay on input line 10.
LaTeX Font Info:    Checking defaults for TS1/cmr/m/n on input line 10.
LaTeX Font Info:    ... okay on input line 10.
LaTeX Font Info:    Checking defaults for OMX/cmex/m/n on input line 10.
LaTeX Font Info:    ... okay on input line 10.
LaTeX Font Info:    Checking defaults for U/cmr/m/n on input line 10.
LaTeX Font Info:    ... okay on input line 10.

(/usr/share/texlive/texmf-dist/tex/context/base/mkii/supp-pdf.mkii
[Loading MPS to PDF converter (version 2006.09.02).]
\scratchcounter=\count196
\scratchdimen=\dimen141
\scratchbox=\box52
\nofMPsegments=\count197
\nofMParguments=\count198
\everyMPshowfont=\toks19
\MPscratchCnt=\count199
\MPscratchDim=\dimen142
\MPnumerator=\count266
\makeMPintoPDFobject=\count267
\everyMPtoPDFconversion=\toks20
)
LaTeX Font Info:    Trying to load font information for T1+cmtt on input line 1
3.
 (/usr/share/texlive/texmf-dist/tex/latex/base/t1cmtt.fd
File: t1cmtt.fd 2023/04/13 v2.5m Standard LaTeX font definitions
)
LaTeX Font Info:    External font `cmex10' loaded for size
(Font)              <7> on input line 16.
LaTeX Font Info:    External font `cmex10' loaded for size
(Font)              <5> on input line 16.

Overfull \hbox (106.38977pt too wide) in paragraph at lines 12--76
[][][]                         [][][][]\T1/cmtt/m/n/10 fprintf[][][][]([][]yyou
t[][],[][][][]"[][]%d[][]([][]%d[][]): [][]%s[][]"[][][][],[][]line_number[][],
[][]column_number[][],[][]yytext[][]);[]|  
 []


Overfull \hbox (53.46333pt too wide) in paragraph at lines 12--76
[][][]$\OML/cmm/m/it/10 <$[][]\T1/cmtt/m/n/10 COMMENT[][]$\OML/cmm/m/it/10 >$\T
1/cmtt/m/n/10 [^*[][][][]$\OMS/cmsy/m/n/10 n$\T1/cmtt/m/n/10 n[][][][]]*[][]   
    [][]{ [][][][]fprintf[][][][]([][]yyout[][],[][][][]"[][]%s[][]"[][][][],[]
[]yytext[][]); [][]column_number[][]+=[][]yyleng[][];
 []


Overfull \hbox (53.46333pt too wide) in paragraph at lines 12--76
[][][]$\OML/cmm/m/it/10 <$[][]\T1/cmtt/m/n/10 COMMENT[][]$\OML/cmm/m/it/10 >$[]
[][][]\T1/cmtt/m/n/10 "*"[][][][]+[^[][]*/[][]$\OMS/cmsy/m/n/10 n$\T1/cmtt/m/n/
10 n[][][][]]*[][]  [][]{ [][][][]fprintf[][][][]([][]yyout[][],[][][][]"[][]%s
[][]"[][][][],[][]yytext[][]); [][]column_number[][]+=[][]yyleng[][];
 []


Overfull \hbox (11.47359pt too wide) in paragraph at lines 12--76
[][][]$\OML/cmm/m/it/10 <$[][]\T1/cmtt/m/n/10 COMMENT[][]$\OML/cmm/m/it/10 >$[]
[][][]$\OMS/cmsy/m/n/10 n$\T1/cmtt/m/n/10 n[][]            [][][][][][]{ [][][]
[]fprintf[][][][]([][]yyout[][],[][][][]"[][]%s[][]"[][][][],[][]yytext[][]); [
][]line_number[][]++;
 []


Overfull \hbox (11.47359pt too wide) in paragraph at lines 12--76
[][][]$\OML/cmm/m/it/10 <$[][]\T1/cmtt/m/n/10 COMMENT[][]$\OML/cmm/m/it/10 >$[]
[][][]\T1/cmtt/m/n/10 "*"[][][][]+[][][][]"/"[][][][]       [][][][]{ [][][][]f
printf[][][][]([][]yyout[][],[][][][]"[][]%s [][](COMENTARIO)[][]$\OMS/cmsy/m/n
/10 n$\T1/cmtt/m/n/10 n[][]"[][][][],[][]yytext[][]);
 []


Overfull \hbox (169.12569pt too wide) in paragraph at lines 12--76
[][][]\T1/cmtt/m/n/10 "+"[][][][]                     [][][][]{ [][][][]fprintf
[][][][]([][]yyout[][],[][][][]"[][]%d[][]([][]%d[][]): [][]%s [][](MAIS +)[][]
$\OMS/cmsy/m/n/10 n$\T1/cmtt/m/n/10 n[][]"[][][][],[][]line_number[][],[][]colu
mn_number[][],[][]yytext[][]);[]|  
 []


Overfull \hbox (174.3744pt too wide) in paragraph at lines 12--76
[][][]\T1/cmtt/m/n/10 "-"[][][][]                     [][][][]{ [][][][]fprintf
[][][][]([][]yyout[][],[][][][]"[][]%d[][]([][]%d[][]): [][]%s [][](MENOS -)[][
]$\OMS/cmsy/m/n/10 n$\T1/cmtt/m/n/10 n[][]"[][][][],[][]line_number[][],[][]col
umn_number[][],[][]yytext[][]);[]|  
 []


Overfull \hbox (169.12569pt too wide) in paragraph at lines 12--76
[][][]\T1/cmtt/m/n/10 {[][]number[][]}[][]                [][]{ [][][][]fprintf
[][][][]([][]yyout[][],[][][][]"[][]%d[][]([][]%d[][]): [][]%s [][](NUMBER)[][]
$\OMS/cmsy/m/n/10 n$\T1/cmtt/m/n/10 n[][]"[][][][],[][]line_number[][],[][]colu
mn_number[][],[][]yytext[][]);
 []


Overfull \hbox (11.91284pt too wide) in paragraph at lines 12--76
[][][]\T1/cmtt/m/n/10 {[][]other[][]}[][]                 [][]{ [][][][]fprintf
[][][][]([][]yyout[][], [][][][]"([][]%d[][]) Lexical error in line
 []


Overfull \hbox (11.91284pt too wide) in paragraph at lines 12--76
[][][]                         [][][][]\T1/cmtt/m/n/10 ++[][]errors_count[][], 
[][]line_number[][], [][]column_number[][],
 []

[1

{/var/lib/texmf/fonts/map/pdftex/updmap/pdftex.map}{/usr/share/texmf/fonts/enc/
dvips/cm-super/cm-super-t1.enc}] [2] (./c-minus-lexer.aux)
 ***********
LaTeX2e <2023-11-01> patch level 1
L3 programming layer <2024-01-22>
 ***********
 ) 
Here is how much of TeX's memory you used:
 1327 strings out of 476182
 20332 string characters out of 5795595
 1937975 words of memory out of 5000000
 23367 multiletter control sequences out of 15000+600000
 560607 words of font info for 40 fonts, out of 8000000 for 9000
 14 hyphenation exceptions out of 8191
 42i,6n,50p,460b,110s stack positions out of 10000i,1000n,20000p,200000b,200000s
</usr/share/texlive/texmf-dist/fonts/type1/public/amsfonts/cm/cmmi10.pfb></us
r/share/texlive/texmf-dist/fonts/type1/public/amsfonts/cm/cmsy10.pfb></usr/shar
e/texmf/fonts/type1/public/cm-super/sfbx1000.pfb></usr/share/texmf/fonts/type1/
public/cm-super/sfrm1000.pfb></usr/share/texmf/fonts/type1/public/cm-super/sfti
1000.pfb></usr/share/texmf/fonts/type1/public/cm-super/sftt1000.pfb>
Output written on c-minus-lexer.pdf (2 pages, 89511 bytes).
PDF statistics:
 42 PDF objects out of 1000 (max. 8388607)
 25 compressed objects within 1 object stream
 0 named destinations out of 1000 (max. 500000)
 1 words of extra memory for PDF output out of 10000 (max. 10000000)

